// Jest Snapshot v1, https://goo.gl/fbAQLP

exports[`withUrl should add url to component props 1`] = `
Object {
  "url": Object {
    "pathname": "/",
    "query": Object {},
  },
}
`;
